=== COMBAT: "SimpleAgent_vs_Two Fungi Beasts_14281576318794427246" ===
Agent: SimpleAgent
Seed: 14281576318794427246 | Ascension: 20 | Floor: 0

Initial State:
  Player: 50/75 HP, 3 Energy
  Enemy: Two Fungi Beasts (28 HP)
  Hand: Spot Weakness(1), Defend(1), Defend(1), Shockwave(2), Strike(1)
  Deck: 9 cards remaining

Final Result:
  Outcome: PLAYER_VICTORY
  Player HP: 14/75
  Turns: 7
  RNG Counters: shuffle=4, cardRandom=0, misc=0
