=== COMBAT: "SimpleAgent_vs_Gremlin Nob_7244678248054073170" ===
Agent: SimpleAgent
Seed: 7244678248054073170 | Ascension: 20 | Floor: 13

Initial State:
  Player: 60/75 HP, 3 Energy
  Enemy: Gremlin Nob (90 HP)
  Hand: Bash(2), Shrug It Off(1), Strike(1), Strike(1), Strike(1)
  Deck: 12 cards remaining
  Relics: Blue Candle, Frozen Eye, Stone Calendar, Burning Blood, Symbiotic Virus, Membership Card

Final Result:
  Outcome: PLAYER_LOSS
  Player HP: 0/75
  Turns: 4
  RNG Counters: shuffle=2, cardRandom=0, misc=0
