=== COMBAT: "SimpleAgent_vs_Red Slaver_8520346952809926872" ===
Agent: SimpleAgent
Seed: 8520346952809926872 | Ascension: 20 | Floor: 11

Initial State:
  Player: 56/75 HP, 3 Energy
  Enemy: Red Slaver (51 HP)
  Hand: Feel No Pain(1), Ascender's Bane(-3), Defend(1), Bash(2), Spot Weakness(1)
  Deck: 10 cards remaining
  Relics: Blue Candle, Frozen Eye, Stone Calendar, Burning Blood, Symbiotic Virus, Membership Card

Final Result:
  Outcome: PLAYER_VICTORY
  Player HP: 23/75
  Turns: 7
  RNG Counters: shuffle=4, cardRandom=0, misc=0
