=== COMBAT: "SimpleAgent_vs_Blue Slaver_10616636939857054021" ===
Agent: SimpleAgent
Seed: 10616636939857054021 | Ascension: 20 | Floor: 12

Initial State:
  Player: 60/75 HP, 3 Energy
  Enemy: Blue Slaver (52 HP)
  Hand: Bash(2), Feel No Pain(1), Corruption(3), Defend(1), Strike(1)
  Deck: 11 cards remaining

Final Result:
  Outcome: PLAYER_VICTORY
  Player HP: 42/75
  Turns: 5
  RNG Counters: shuffle=3, cardRandom=0, misc=0
