=== COMBAT: "SimpleAgent_vs_Blue Slaver_10616636939857054021" ===
Agent: SimpleAgent
Seed: 10616636939857054021 | Ascension: 20 | Floor: 0

Initial State:
  Player: 60/75 HP, 3 Energy
  Enemy: Blue Slaver (48 HP)
  Hand: Feel No Pain(1), Shrug It Off(1), Strike(1), Spot Weakness(1), Defend(1)
  Deck: 11 cards remaining

Final Result:
  Outcome: PLAYER_VICTORY
  Player HP: 47/75
  Turns: 4
  RNG Counters: shuffle=2, cardRandom=0, misc=0
