=== COMBAT: "SimpleAgent_vs_Hexaghost_2709297576926039318" ===
Agent: SimpleAgent
Seed: 2709297576926039318 | Ascension: 20 | Floor: 16

Initial State:
  Player: 27/75 HP, 3 Energy
  Enemy: Hexaghost (264 HP)
  Hand: Defend(1), Whirlwind(-1), Shockwave(2), Spot Weakness(1), Anger(0)
  Deck: 12 cards remaining

Final Result:
  Outcome: PLAYER_VICTORY
  Player HP: 2/75
  Turns: 8
  RNG Counters: shuffle=3, cardRandom=0, misc=0
