=== COMBAT: "basic_strike_combat" ===
Seed: 12345 | Ascension: 0 | Floor: 1

Initial State:
  Player: 80/80 HP, 3 Energy
  Enemy: Cultist (52 HP) - Intent: Attack
  Hand: Bash(2), Strike(1), Strike(1), Strike(1), Defend(1)
  Deck: 5 cards remaining

Combat Progression:
broken  Turn 1: play_card_0 → Played Strike (damage dealt)
    Player: 80/80 HP, 0 Block, 1 Energy | Enemy: 44 HP
  Turn 1: end_turn → Turn ended, enemy acts
    Player: 80/80 HP | Enemy: 44 HP
  Turn 2: play_card_0 → Played Defend (gained block)
    Player: 80/80 HP, 0 Block, 2 Energy | Enemy: 35 HP
  Turn 2: end_turn → Turn ended, enemy acts
    Player: 74/80 HP | Enemy: 35 HP
  Turn 3: play_card_0 → Played Strike (damage dealt)
    Player: 74/80 HP, 5 Block, 2 Energy | Enemy: 35 HP

Final Result:
  Outcome: UNDECIDED
  Player HP: 74/80
  Turns: 2
  RNG Counters: shuffle=2, cardRandom=0, misc=0
